 ansible-playbook -i hosts Stage#1-Verification.yml --check -K 
BECOME password: 

PLAY [Universal Cryptographic Substrate Verification Framework (Stage 1 Audit)] ***************************************************************************************

TASK [AUDIT PREFLIGHT | Hydrate standalone validation environment facts] **********************************************************************************************
ok: [localhost]

TASK [AUDIT PREFLIGHT | Ingest multi-distribution security baseline mappings file] ************************************************************************************
ok: [localhost]

TASK [AUDIT PREFLIGHT | Probe motherboard boot firmware type format signature] ****************************************************************************************
ok: [localhost]

TASK [AUDIT PREFLIGHT | Automatically detect active system hardware storage bus handle] *******************************************************************************
ok: [localhost]

TASK [AUDIT PREFLIGHT | Interrogate raw CPU parameters to find mobile indicators safely] ******************************************************************************
ok: [localhost]

TASK [AUDIT PREFLIGHT | Discover active system role footprint boundaries (HP PROBOOK PROCESSSOR OVERRIDE)] ************************************************************
ok: [localhost]

TASK [AUDIT PREFLIGHT | Map system partition layout node targets] *****************************************************************************************************
ok: [localhost]

TASK [AUDIT PREFLIGHT | Map active partition indexes based on storage bus signatures] *********************************************************************************
ok: [localhost]

TASK [AUDIT PREFLIGHT | Check for the presence of a standalone crypto boot partition entry] ***************************************************************************
ok: [localhost]

TASK [AUDIT PREFLIGHT | Pull active architecture layout styles from host boundaries] **********************************************************************************
ok: [localhost]

TASK [AUDIT PREFLIGHT | Compile cross-distribution blueprint pointers matching nested variable matrices] **************************************************************
ok: [localhost]

TASK [AUDIT CRYPTO | Assert primary system root volume is locked inside an active LUKS container] *********************************************************************
ok: [localhost] => {
    "changed": false,
    "msg": "✅ PASS: Core system storage container securely isolated via active Argon2id encryption."
}

TASK [AUDIT CRYPTO | Check active layout mapping configuration properties on disk] ************************************************************************************
ok: [localhost]

TASK [AUDIT CRYPTO | Assert secure block-device nodes are mapped correctly on boot] ***********************************************************************************
ok: [localhost] => {
    "changed": false,
    "msg": "✅ PASS: Persistent block-device luks containers mapped successfully."
}

TASK [AUDIT STORAGE | Check persistent storage mounts path mappings] **************************************************************************************************
ok: [localhost]

TASK [AUDIT STORAGE | Assert core operating system partitions are mapped to static fstab arrays] **********************************************************************
ok: [localhost] => (item=/) => {
    "ansible_loop_var": "item",
    "changed": false,
    "item": "/",
    "msg": "✅ PASS: Verified file hierarchy node ledger for mount pathway [ / ]."
}
ok: [localhost] => (item=/home) => {
    "ansible_loop_var": "item",
    "changed": false,
    "item": "/home",
    "msg": "✅ PASS: Verified file hierarchy node ledger for mount pathway [ /home ]."
}
ok: [localhost] => (item=/swap) => {
    "ansible_loop_var": "item",
    "changed": false,
    "item": "/swap",
    "msg": "✅ PASS: Verified file hierarchy node ledger for mount pathway [ /swap ]."
}
ok: [localhost] => (item=/.snapshots) => {
    "ansible_loop_var": "item",
    "changed": false,
    "item": "/.snapshots",
    "msg": "✅ PASS: Verified file hierarchy node ledger for mount pathway [ /.snapshots ]."
}
ok: [localhost] => (item=/var/log) => {
    "ansible_loop_var": "item",
    "changed": false,
    "item": "/var/log",
    "msg": "✅ PASS: Verified file hierarchy node ledger for mount pathway [ /var/log ]."
}
ok: [localhost] => (item=/var/cache) => {
    "ansible_loop_var": "item",
    "changed": false,
    "item": "/var/cache",
    "msg": "✅ PASS: Verified file hierarchy node ledger for mount pathway [ /var/cache ]."
}

TASK [AUDIT STORAGE | Interrogate running kernel memory for physical swap space boundaries] ***************************************************************************
ok: [localhost]

TASK [AUDIT STORAGE | Assert contiguous subvolume swapfile parameters are active inside kernel memory] ****************************************************************
ok: [localhost] => {
    "changed": false,
    "msg": "✅ PASS: Contiguous swap block recognized and parsing successfully."
}

TASK [AUDIT REPORT | Complete standalone Stage 1 core verification dashboard card] ************************************************************************************
ok: [localhost] => {
    "msg": "===========================================================================\n                   STAGE 1 ENCRYPTION SUBSTRATE VERIFIED                       \n===========================================================================\n🛡 STORAGE DEPLOYMENT PARAMETERS CONFIRMED:\n  ↳ HARDWARE PLATFORM ROLE PROFILE: [LAPTOP/MOBILE WORKSTATION]\n  ↳ TARGET SYSTEM BOOT ENVIRONMENT: [NATIVE HARD DRIVE BOOT PROFILE]\n  ↳ DETECTED SYSTEM INSTALLED DISK: [/dev/sda]\n  ↳ STORAGE ARCHITECTURE SPEC LAYER: [PENTAGON FULL-DISK CRYPTO]\n===========================================================================\n📊 HARDENED COMPLIANCE DATA-AT-REST METRICS:\n  ↳ MASTER LUKS CONTAINER MATRIX..: [ ACTIVE / SECURE ]\n  ↳ SUBVOLUME LEDGER VALIDATION...: [ ALL 13 CORE MOUNTS VERIFIED PASSED ]\n  ↳ PHYSICAL MEMORY SWAP ALLOCATION: [ ACTIVE / CONTIGUOUS +C EXEMPT ]\n===========================================================================\n                   Verification Complete. Storage Substrate Secure       \n===========================================================================\n"
}

PLAY RECAP ************************************************************************************************************************************************************
localhost                  : ok=19   changed=0    unreachable=0    failed=0    skipped=0    rescued=0    ignored=0   

