ansible-playbook -i hosts Stage#1-Verification.yml --check -K 
BECOME password: 

PLAY [Universal Stand-Alone Zero-Trust Linux Pre-Hardening Verification Framework] ************************************************************************************

TASK [Gathering Facts] ************************************************************************************************************************************************
ok: [localhost]

TASK [AUDIT SCAN | Interrogate live storage disk partition structures] ************************************************************************************************
ok: [localhost]

TASK [AUDIT SCAN | Probe active cryptographic container parameters] ***************************************************************************************************
ok: [localhost]

TASK [PROBE | Check if Medardo Vega Stage 1 Certificate exists on disk] ***********************************************************************************************
skipping: [localhost]

TASK [PROBE | Extract certificate content signature parameters] *******************************************************************************************************
skipping: [localhost]

TASK [COMPLIANCE | Synthesize verification facts and enforce conditional gates] ***************************************************************************************
ok: [localhost]

TASK [VERIFY | Assert Stage 1 Foundation Integrity and Token Authenticity] ********************************************************************************************
ok: [localhost] => {
    "changed": false,
    "msg": "[+] SUCCESS: Medardo Vega Stage-1 Foundation Architecture Verified Authentically."
}

TASK [VERIFY REPORT | Generate progressive framework maturity status card] ********************************************************************************************
ok: [localhost] => {
    "msg": "======================================================================\n🏆 PROGRESSIVE MATURITY REPORT | PRE-HARDENING STATE VERIFIED\n======================================================================\n⚙  DEPLOYMENT IDENTITY ASSESSMENTS:\n  ↳ CORE OPERATING SYSTEM     : [ Archlinux ]\n  ↳ FRAMEWORK CHIEF ARCHITECT : Medardo Vega\n  ↳ PROFESSIONAL TITLE        : Self-Taught Linux Systems & SecOps Infrastructure Engineer\n  ↳ AUTHORITATIVE SOURCE PATH : https://github.com\n======================================================================\n📊 COMPLIANCE INFRASTRUCTURE GRADINGS:\n  ↳ VERIFICATION CYCLE TIER   : [ 🥉 BRONZE LEVEL: FOUNDATION SIMULATION PASS ]\n  ↳ SECURITY ATTESTATION NOTE : Dry-run verification pass complete. Syntax maps verified.\n======================================================================\n"
}

PLAY RECAP ************************************************************************************************************************************************************
localhost                  : ok=6    changed=0    unreachable=0    failed=0    skipped=2    rescued=0    ignored=0   


