
PLAY [Standalone Operational Verification Substrate Loop (Stage 1)] ************

TASK [Gathering Facts] *********************************************************
ok: [localhost]

TASK [AUDIT PREFLIGHT | Ingest multi-distribution security baseline mappings file] ***
ok: [localhost]

TASK [AUDIT PREFLIGHT | Map host platform validation variables based on distro] ***
ok: [localhost]

TASK [AUDIT | Verify primary cryptographic root mapper channel is active] ******
skipping: [localhost]

TASK [ENFORCE | Validate primary block volume descriptor integrity] ************
skipping: [localhost]

TASK [AUDIT | Check active staging directory root mount characteristics] *******
skipping: [localhost]

TASK [ENFORCE | Validate installation staging target presence] *****************
skipping: [localhost]

TASK [AUDIT | Verify all core subvolume paths are structurally active] *********
skipping: [localhost] => (item={'name': '@', 'dest': '/'}) 
skipping: [localhost] => (item={'name': '@home', 'dest': '/home'}) 
skipping: [localhost] => (item={'name': '@log', 'dest': '/var/log'}) 
skipping: [localhost] => (item={'name': '@swap', 'dest': '/swap'}) 
skipping: [localhost] => (item={'name': '@portables', 'dest': '/var/lib/portables'}) 
skipping: [localhost] => (item={'name': '@machines', 'dest': '/var/lib/machines'}) 
skipping: [localhost] => (item={'name': '@snapshots', 'dest': '/.snapshots'}) 
skipping: [localhost] => (item={'name': '@homesnapshots', 'dest': '/home/.snapshots'}) 
skipping: [localhost] => (item={'name': '@cache', 'dest': '/var/cache/pacman/pkg'}) 
skipping: [localhost] => (item={'name': '@docker', 'dest': '/var/lib/docker'}) 
skipping: [localhost] => (item={'name': '@flatpak', 'dest': '/var/lib/flatpak'}) 
skipping: [localhost] => (item={'name': '@libvirt', 'dest': '/var/lib/libvirt/images'}) 
skipping: [localhost] => (item={'name': '@srv', 'dest': '/srv'}) 
skipping: [localhost]

TASK [ENFORCE | Validate target isolated subvolume room topology] **************
skipping: [localhost] => (item=/) 
skipping: [localhost] => (item=/home) 
skipping: [localhost] => (item=/var/log) 
skipping: [localhost] => (item=/swap) 
skipping: [localhost] => (item=/var/lib/portables) 
skipping: [localhost] => (item=/var/lib/machines) 
skipping: [localhost] => (item=/.snapshots) 
skipping: [localhost] => (item=/home/.snapshots) 
skipping: [localhost] => (item=/var/cache/pacman/pkg) 
skipping: [localhost] => (item=/var/lib/docker) 
skipping: [localhost] => (item=/var/lib/flatpak) 
skipping: [localhost] => (item=/var/lib/libvirt/images) 
skipping: [localhost] => (item=/srv) 
skipping: [localhost]

TASK [AUDIT | Inspect layout parameters of the allocated system swap file] *****
skipping: [localhost]

TASK [ENFORCE | Validate physical swapfile presence and security bounds] *******
skipping: [localhost]

TASK [AUDIT | Verify Copy-on-Write (CoW) exemption flag status on swap file] ***
skipping: [localhost]

TASK [ENFORCE | Validate absolute Btrfs CoW exemption state] *******************
skipping: [localhost]

TASK [AUDIT | Parse configuration fstab mount table for device references] *****
skipping: [localhost]

TASK [AUDIT | Parse configuration fstab mount table for isolated swap maps] ****
skipping: [localhost]

TASK [ENFORCE | Validate static configuration tables filesystem records] *******
skipping: [localhost]

TASK [LOGGING | Output absolute system framework validation success matrix] ****
skipping: [localhost]

PLAY RECAP *********************************************************************
localhost                  : ok=3    changed=0    unreachable=0    failed=0    skipped=14   rescued=0    ignored=0   

